xrun(64): 24.09-s001: (c) Copyright 1995-2024 Cadence Design Systems, Inc.
TOOL:	xrun(64)	24.09-s001: Started on May 10, 2026 at 21:27:02 -03
xrun
	-64bit
	-sv
	and_gate.sv
	inv_gate.sv
	or_gate.sv
	xor_top.sv
	../tb/tb_xor.sv
Loading snapshot worklib.tb_xor:sv .................... Done
xcelium> source /home/tools/cadence/installs/XCELIUM2209/tools/xcelium/files/xmsimrc
xcelium> run
Tempo | a b | y (XOR)
----------------------
   5  | 0 0 | 0
  10  | 0 1 | 1
  15  | 1 0 | 1
  20  | 1 1 | 0
Simulation complete via $finish(1) at time 25 NS + 0
../tb/tb_xor.sv:23 	$finish;
xcelium> exit
TOOL:	xrun(64)	24.09-s001: Exiting on May 10, 2026 at 21:27:02 -03  (total: 00:00:00)
